prisma.config.ts(4,30): error TS2307: Cannot find module 'prisma/config' or its corresponding type declarations.
src/app/dashboard/attendance/page.tsx(16,7): error TS7034: Variable 'history' implicitly has type 'any[]' in some locations where its type cannot be determined.
src/app/dashboard/attendance/page.tsx(116,16): error TS7005: Variable 'history' implicitly has an 'any[]' type.
